// Jest Snapshot v1, https://goo.gl/fbAQLP

exports[`ImportFromPrivateKey render should match snapshot 1`] = `
<v-form>
  <v-password
    aria-describedby="privateKey"
    data-vv-as="private key"
    id="privateKey"
    label="Private key"
    name="privateKey"
    placeholder="Private key"
    required=""
    v-model="privateKey"
    v-on:input="bound handleInput"
    validator="required|private_key"
  />
   
  <v-password
    aria-describedby="jsonKeystorePassword"
    data-vv-as="password"
    id="jsonKeystorePassword"
    label="Wallet password"
    name="walletPassword"
    placeholder="wallet password"
    required=""
    v-model="password"
    validator="required|min:8"
  />
   
  <v-button
    classname="is-primary is-cta"
  >
    Import
  </v-button>
</v-form>
`;
