// Jest Snapshot v1, https://goo.gl/fbAQLP

exports[`ImportFromSeed render should render initial state of the component 1`] = `
<div>
  <v-form
    v-on:submit="bound togglePasswordModal"
  >
    <v-input
      aria-describedby="hdkeyPhrase"
      data-vv-as="seed phrase"
      id="hdkeySeed"
      label="Seed phrase"
      name="hdkeyPhrase"
      placeholder="Seed phrase"
      required=""
      v-model="key"
      v-on:input="bound handleInput"
      validator="required|seed_phrase"
    />
     
    <v-button
      class-name="is-primary is-cta"
    >
      
      Import
    
    </v-button>
  </v-form>
   
  <!---->
</div>
`;
