// Jest Snapshot v1, https://goo.gl/fbAQLP

exports[`ImportFromPublicKey render should render initial state of the component 1`] = `
<v-form
  data-test="import-public-form"
>
  <v-input
    aria-describedby="address"
    aria-invalid="false"
    aria-required="true"
    data-test="input-public-key"
    data-vv-as="public key"
    data-vv-name="address"
    id="address"
    label="Address"
    name="address"
    placeholder="0x...."
    required=""
  />
   
  <v-button
    class-name="is-primary is-cta"
    data-test="submit-import"
    disabled="true"
  >
    
    Import
  
  </v-button>
</v-form>
`;
