// Jest Snapshot v1, https://goo.gl/fbAQLP

exports[`WalletItem render should render initial state of the component 1`] = `
<div
  class="menu"
>
  <ul
    class="menu-list"
  >
    <li>
      <a
        class=""
      >
        <account-stub
          address="addr"
          currency="ETH"
          size="10"
        >
          <template>
            <balance-stub
              amount="0"
              currency="usd"
              decimals="18"
              price="1"
              round="4"
            />
          </template>
           
          <!---->
        </account-stub>
      </a>
    </li>
  </ul>
</div>
`;
