// Jest Snapshot v1, https://goo.gl/fbAQLP

exports[`PasswordRecovery render confirm modal should toggle confirm modal 1`] = `
<confirm-modal-stub>
  <p class="subtitle">
    All keystore wallets will be deleted. They can be restored from a
    private key or seed phrase on the import page.
  </p>
</confirm-modal-stub>
`;

exports[`PasswordRecovery render should render the initial state of the component 1`] = `
<div>
  <v-form-stub
    data-test="password-recovery-form"
  >
    <label
      class="label"
    >
      Password Recovery
    </label>
     
    <v-input-stub
      aria-invalid="false"
      aria-required="true"
      classname=""
      data-test="input-seed-phrase"
      name="seedPhrase"
      placeholder="Seed phrase"
    />
     
    <v-password-stub
      aria-invalid="false"
      aria-required="true"
      data-test="input-password"
      name="password"
      placeholder="New password"
    />
     
    <v-button-stub
      classname="is-primary is-medium"
      data-test="recover-button"
      disabled="true"
    >
      
      Recover
    
    </v-button-stub>
  </v-form-stub>
   
  <!---->
</div>
`;
