// Jest Snapshot v1, https://goo.gl/fbAQLP

exports[`ImportFromPrivateKey render should render initial state of the component 1`] = `
<div>
  <v-form-stub
    data-test="import-private-form"
  >
    <v-password-stub
      aria-describedby="privateKey"
      aria-invalid="false"
      aria-required="true"
      data-test="input-private-key"
      data-vv-as="private key"
      data-vv-name="privateKey"
      id="privateKey"
      label="Private key"
      name="privateKey"
      placeholder="Private key"
      required=""
      value=""
    />
     
    <v-button-stub
      classname="is-primary is-cta"
      data-test="submit-import"
      disabled="true"
    >
      
      Import
    
    </v-button-stub>
  </v-form-stub>
   
  <!---->
</div>
`;
