// Jest Snapshot v1, https://goo.gl/fbAQLP

exports[`ImportFromSeed render should render initial state of the component 1`] = `
<div>
  <v-form-stub
    data-test="import-seed-form"
  >
    <v-input-stub
      aria-describedby="hdkeyPhrase"
      aria-invalid="false"
      aria-required="true"
      classname=""
      data-test="input-seed-phrase"
      data-vv-as="seed phrase"
      data-vv-name="hdkeyPhrase"
      id="hdkeySeed"
      label="Seed phrase"
      name="hdkeyPhrase"
      placeholder="Seed phrase"
      required=""
      value=""
    />
     
    <v-button-stub
      classname="is-primary is-cta"
      data-test="submit-import"
      disabled="true"
    >
      
      Import
    
    </v-button-stub>
  </v-form-stub>
   
  <!---->
</div>
`;
