// Jest Snapshot v1, https://goo.gl/fbAQLP

exports[`ImportFromJson behavior should toggle password modal window 1`] = `<password-modal-stub title="Please enter your wallet password to continue">The wallet password will be used for operations on the imported wallet</password-modal-stub>`;

exports[`ImportFromJson render should render initial state of the component 1`] = `
<div>
  <v-form-stub
    data-test="import-json-form"
  >
    <div
      class="field"
    >
      <div
        class="file"
      >
        <label
          class="file-label"
        >
          <input
            aria-invalid="false"
            aria-required="true"
            class="file-input"
            data-test="input-file"
            name="jsonWallet"
            type="file"
          />
           
          <span
            class="file-cta"
          >
            <span
              class="file-icon"
            >
              <span
                class="icon is-small"
              />
            </span>
             
            <span
              class="file-label"
            >
              V3 JSON keystore file
            </span>
          </span>
        </label>
      </div>
       
      <p
        class="help is-danger"
        style="display: none;"
      >
        
      </p>
    </div>
     
    <v-password-stub
      aria-describedby="jsonKeystorePassword"
      aria-invalid="false"
      aria-required="true"
      data-test="input-json-file-password"
      data-vv-as="password"
      data-vv-name="jsonKeystorePassword"
      id="jsonKeystorePassword"
      label="V3 JSON keystore password"
      name="jsonKeystorePassword"
      placeholder="V3 JSON keystore password"
      required=""
      value=""
    />
     
    <v-button-stub
      classname="is-primary is-cta"
      data-test="submit-import"
      disabled="true"
    >
      
      Import
    
    </v-button-stub>
  </v-form-stub>
   
  <!---->
</div>
`;
