// Jest Snapshot v1, https://goo.gl/fbAQLP

exports[`AddTokenModal render should render component 1`] = `
<v-modal-stub
  data-test="add-token-modal"
>
  <template>
    
    Add custom token
  
  </template>
   
  <v-form-stub
    id="addToken"
  >
    <v-input-stub
      aria-describedby="address"
      aria-invalid="false"
      aria-required="true"
      autofocus=""
      classname=""
      data-test="address-input"
      data-vv-name="address"
      id="address"
      label="Address"
      name="address"
      placeholder="Contract address"
      required=""
      value=""
    />
     
    <!---->
     
    <!---->
     
    <!---->
  </v-form-stub>
   
  <div>
    <div
      class="buttons"
    >
      <v-button-stub
        classname="is-primary"
        data-test="find-button"
        disabled="true"
        type="button"
      >
        
        Find
      
      </v-button-stub>
    </div>
     
    <div
      class="is-pulled-right"
    >
      <a
        class="button"
        data-test="close-button"
      >
        
        Close
      
      </a>
    </div>
  </div>
</v-modal-stub>
`;
