// Jest Snapshot v1, https://goo.gl/fbAQLP

exports[`WalletsList render should render initial state of the component 1`] = `
<div
  class="column"
>
  <div
    class="buttons"
  >
    <v-button
      class-name="is-primary is-medium"
    >
      
      Load wallets
    
    </v-button>
  </div>
   
  <!---->
   
  <div
    style="display: none;"
  >
     
    <v-pagination />
     
    <div
      class="buttons"
    >
      <v-button
        class-name="is-primary is-medium"
        data-test="import-wallet-button"
        disabled="true"
      >
        
        Import
      
      </v-button>
    </div>
  </div>
   
  <!---->
</div>
`;
