// Jest Snapshot v1, https://goo.gl/fbAQLP

exports[`InfoBar render should render initial state of the component 1`] = `
<div
  class="section info-bar"
>
  <div
    class="info-item"
  >
    <div
      class="field"
    >
      <p
        class="heading"
      >
        
        Status
      
      </p>
       
      <div
        class="control is-expanded"
      >
        <sync-status-stub />
      </div>
    </div>
  </div>
   
  <div
    class="info-item"
  >
    <p
      class="heading"
    >
      
      Balance
    
    </p>
     
    <balance-stub
      amount="0"
      class="level-stat"
      currency="ETH"
      decimals="18"
      price="1"
      round="4"
    />
  </div>
   
  <div
    class="info-item"
  >
    <p
      class="heading"
    >
      
      Value
    
    </p>
     
    <balance-stub
      amount="0"
      class="level-stat"
      currency="ETH"
      decimals="2"
      price="0"
      round="0"
    />
  </div>
</div>
`;
