// Jest Snapshot v1, https://goo.gl/fbAQLP

exports[`ExportWallet page render should render initial state of the component 1`] = `
<base-page
  class="export-wallet"
>
  Export Wallet 
  <p
    class="subtitle"
  >
    
    Exporting account 
    <strong>
      
    </strong>
  </p>
   
  <div
    class="columns"
  >
    <div
      class="column is-one-third"
    >
      <div
        class="menu"
      >
        <p
          class="menu-label"
        >
          Export Type
        </p>
         
        <ul
          class="menu-list"
        >
          <li>
            <a
              class="is-active"
            >
              
              Private Key
            
            </a>
          </li>
           
          <li>
            <a
              class=""
            >
              
              Seed Phrase
            
            </a>
          </li>
           
          <li>
            <a
              class=""
            >
              
              JSON Keystore
            
            </a>
          </li>
        </ul>
      </div>
    </div>
     
    <div
      class="column"
    >
      <div>
        <export-to-private-key />
      </div>
    </div>
  </div>
</base-page>
`;
