// Jest Snapshot v1, https://goo.gl/fbAQLP

exports[`LoginPage render should render component 1`] = `
<div
  class="app-page send-page"
>
  <div
    class="section"
  >
    <div
      class="container is-narrow"
    >
      <div
        class="card app-card main-app-card"
      >
        <div
          class="card-header"
        >
          <h1
            class="card-header-title"
          >
            Login/Register
          </h1>
        </div>
         
        <div
          class="card-content"
        >
          <v-form
            id="login"
          >
            <v-input
              aria-describedby="email"
              id="email"
              label="Email"
              name="email"
              placeholder="Your email"
              required=""
              validator="required|email"
            />
             
            <v-checkbox>
              
              I accept 
              <a
                href="https://endpass.com/terms/"
                target="_blank"
              >
                Terms of Service
              </a>
              
              and 
              <a
                href="https://endpass.com/privacy/"
                target="_blank"
              >
                Privacy Policy
              </a>
            </v-checkbox>
             
            <v-button
              classname="is-primary is-medium"
              disabled="true"
              id="send-button"
            >
              Send
            </v-button>
          </v-form>
        </div>
      </div>
    </div>
  </div>
</div>
`;
