// Jest Snapshot v1, https://goo.gl/fbAQLP

exports[`ReceivePage render should render component 1`] = `
<div
  class="app-page receive-page"
>
  <div
    class="section"
  >
    <div
      class="container"
    >
      <account-wallet-card-stub
        activecurrencyname="KEK"
        activenetid="1"
        address="0x9ECEEfDF3554E178a6549006F2C02163E63C9fd8"
        data-test="current-account"
        iscurrentaccount="true"
      />
    </div>
  </div>
   
  <div
    class="section"
  >
    <div
      class="container"
    >
      <!---->
      <account-wallet-card-stub
        activecurrencyname="KEK"
        activenetid="1"
        address="0x4Ce2109f8DB1190cd44BC6554E35642214FbE144"
        allowsend="true"
        data-test="account"
      />
    </div>
  </div>
   
  <div
    class="section"
  >
    <div
      class="container"
    >
      <div
        class="card app-card"
      >
        <div
          class="card-header"
        >
          <h2
            class="card-header-title"
          >
            Incoming Payment History
          </h2>
        </div>
         
        <div
          class="card-content"
        >
          <ul
            class="transactions"
          >
            <li>
              <app-transaction-stub
                transaction="[object Object]"
              />
            </li>
            <li>
              <app-transaction-stub
                transaction="[object Object]"
              />
            </li>
          </ul>
        </div>
      </div>
    </div>
  </div>
</div>
`;
