// Jest Snapshot v1, https://goo.gl/fbAQLP

exports[`TokensPage render should render component 1`] = `
<div
  class="tokens-page"
>
  <div
    class="section"
  >
    <div
      class="container"
    >
      <div
        class="columns is-reverse-mobile"
      >
        <div
          class="column is-half"
        >
          <div
            class="card app-card"
          >
            <div
              class="card-header"
            >
              <p
                class="card-header-title"
              >
                Your Tokens
              </p>
            </div>
             
            <div
              class="card-content is-narrow"
            >
              <nav
                class="panel"
              >
                <div
                  class="panel-block"
                >
                  <search-input />
                </div>
                 
                <v-spinner
                  class="spinner-block"
                />
                 
                <div
                  class="scroller"
                >
                  <a
                    class="panel-block is-clearfix is-block"
                  >
                    <span
                      class="token-symbol"
                    >
                      FST
                    </span>
                     
                    <span
                      class="token-name"
                    >
                      First Token
                    </span>
                     
                    <balance
                      amount="NaN"
                      class="is-small is-inline-block"
                      currency=""
                    />
                     
                    <!---->
                     
                    <span
                      class="icon has-text-danger is-small is-pulled-right"
                      id="remove-token-0"
                      title="Remove Token"
                    >
                      {}
                    </span>
                  </a>
                  <a
                    class="panel-block is-clearfix is-block"
                  >
                    <span
                      class="token-symbol"
                    >
                      $SCdT
                    </span>
                     
                    <span
                      class="token-name"
                    >
                      second token
                    </span>
                     
                    <balance
                      amount="NaN"
                      class="is-small is-inline-block"
                      currency=""
                    />
                     
                    <!---->
                     
                    <span
                      class="icon has-text-danger is-small is-pulled-right"
                      id="remove-token-1"
                      title="Remove Token"
                    >
                      {}
                    </span>
                  </a>
                </div>
              </nav>
            </div>
          </div>
        </div>
         
        <div
          class="column is-half"
        >
          <div
            class="card"
          >
            <div
              class="card-header"
            >
              <div
                class="card-header-title"
              >
                
                Add Token
              
              </div>
               
              <div
                class="card-header-icon"
              >
                <a
                  class="button is-outlined is-info is-small"
                >
                  
                  Add Custom Token
                
                </a>
              </div>
            </div>
             
            <div
              class="card-content"
            >
              <!---->
            </div>
          </div>
        </div>
      </div>
    </div>
  </div>
   
  <!---->
</div>
`;
