// Jest Snapshot v1, https://goo.gl/fbAQLP

exports[`TokensPage render should render component 1`] = `
<div
  class="tokens-page"
>
  <div
    class="section"
  >
    <div
      class="container"
    >
      <div
        class="columns is-reverse-mobile"
      >
        <div
          class="column is-half"
        >
          <div
            class="card app-card"
          >
            <div
              class="card-header"
            >
              <p
                class="card-header-title"
              >
                Your Tokens
              </p>
            </div>
             
            <div
              class="card-content is-narrow"
            >
              <nav
                class="panel"
              >
                <div
                  class="panel-block"
                >
                  <search-input />
                </div>
                 
                <v-spinner
                  class="spinner-block"
                />
                 
                <div
                  class="scroller"
                >
                  <token-list
                    has-remove="true"
                    item-class="panel-block is-clearfix is-block"
                    tokens="[object Object],[object Object]"
                  />
                </div>
              </nav>
            </div>
          </div>
        </div>
         
        <div
          class="column is-half"
        >
          <div
            class="card"
          >
            <div
              class="card-header"
            >
              <div
                class="card-header-title"
              >
                
                Add Token
              
              </div>
               
              <div
                class="card-header-icon"
              >
                <a
                  class="button is-outlined is-info is-small"
                >
                  
                  Add Custom Token
                
                </a>
              </div>
            </div>
             
            <div
              class="card-content"
            >
              <!---->
            </div>
          </div>
        </div>
      </div>
    </div>
  </div>
   
  <!---->
</div>
`;
