// Jest Snapshot v1, https://goo.gl/fbAQLP

exports[`ChangePasswordSettings render should render the initial state of the component 1`] = `
<v-form
  v-on:submit="bound handleFormSubmit"
>
  <label
    class="label"
  >
    Change Password
  </label>
   
  <v-password
    data-test="input-old-password"
    data-vv-as="Old Password"
    name="oldPassword"
    placeholder="Old Password"
    v-model="oldPassword"
    validator="required|min:8"
  />
   
  <v-password
    data-test="input-new-password"
    data-vv-as="New Password"
    name="newPassword"
    placeholder="New Password"
    v-model="newPassword"
    validator="required|min:8"
  />
   
  <v-button
    class-name="is-primary is-medium"
    data-test="submit-change-password"
  >
    
    Change Password
  
  </v-button>
</v-form>
`;
