// Jest Snapshot v1, https://goo.gl/fbAQLP

exports[`Transaction render action process should render loader 1`] = `<v-spinner-stub label="Resending..." class="level-item has-text-info actions-loader"></v-spinner-stub>`;

exports[`Transaction render action process should render loader 2`] = `<v-spinner-stub label="Resending..." class="level-item has-text-info actions-loader"></v-spinner-stub>`;

exports[`Transaction render should render the initial state of the component 1`] = `
<div
  class="transaction is-warning is-sent"
>
  <div
    class="transaction-header"
  >
    <account-stub
      address="toAddr"
      balance="0"
      currency="ETH"
      size="50"
    >
      <div
        class="transaction-actions level is-mobile"
      >
        <div
          class="level-left"
        >
          <div
            class="level-item"
          >
            <span
              class="date"
            >
              a few seconds ago
            </span>
          </div>
        </div>
         
        <div
          class="level-right"
        >
          <a
            class="level-item has-text-info"
            data-test="transaction-resend-button"
            role="button"
            title="Resend"
          >
            <span
              class="icon is-small"
            >
              {}
            </span>
             
            <span
              class="caption is-hidden-mobile"
            >
              
                Resend
              
            </span>
          </a>
           
          <a
            class="level-item has-text-danger"
            data-test="transaction-cancel-button"
            role="button"
            title="Cancel"
          >
            <span
              class="icon is-small"
            >
              {}
            </span>
             
            <span
              class="caption is-hidden-mobile"
            >
              
                Cancel
              
            </span>
          </a>
           
          <a
            class="level-item has-text-info"
            data-test="transaction-details-button"
            title="Details"
          >
            <span
              class="icon is-small"
            >
              {}
            </span>
             
            <span
              class="caption is-hidden-mobile"
            >
              Details
            </span>
          </a>
        </div>
      </div>
    </account-stub>
  </div>
   
  <!---->
   
  <!---->
   
  <!---->
</div>
`;
