// Jest Snapshot v1, https://goo.gl/fbAQLP

exports[`ConfirmModal render should render component 1`] = `
<v-modal
  class="is-dark"
>
  <template>
    Are you sure?
  </template>
    
  <div
    class="buttons"
    slot="footer"
  >
    <v-button
      class-name="is-primary is-medium"
      data-test="submit-logout"
    >
      
      Confirm
    
    </v-button>
     
    <v-button
      class-name="is-medium"
      data-test="submit-logout"
    >
      
      Cancel
    
    </v-button>
  </div>
</v-modal>
`;
