// Jest Snapshot v1, https://goo.gl/fbAQLP

exports[`ConfirmEmailModal render should render initial state of the component 1`] = `
<v-modal
  class="is-dark"
>
  <template>
    Check Your Email
  </template>
   
  <p
    class="subtitle"
  >
    We just sent you an email with a confirmation link.
  Click it to instantly log in to your wallet!
  </p>
</v-modal>
`;
