// Jest Snapshot v1, https://goo.gl/fbAQLP

exports[`ConfirmModal render should render component 1`] = `
<v-modal-stub
  class="is-dark"
>
  <template>
    Are you sure?
  </template>
    
  <div
    class="buttons"
  >
    <v-button-stub
      classname="is-primary is-medium"
      data-test="submit-logout"
    >
      
      Confirm
    
    </v-button-stub>
     
    <v-button-stub
      classname="is-medium"
      data-test="submit-logout"
    >
      
      Cancel
    
    </v-button-stub>
  </div>
</v-modal-stub>
`;
