// Jest Snapshot v1, https://goo.gl/fbAQLP

exports[`LoginByEmailModal render should render component 1`] = `
<v-modal
  class="is-dark"
  v-on:close="bound handleClose"
>
  <template>
    Get Started
  </template>
   
  <p
    class="subtitle"
  >
    Please enter your email address below to access your
  wallet or create a new one.
  </p>
   
  <v-form
    id="loginByEmail"
    v-on:submit="bound handleSubmit"
  >
    <v-input
      help="Your email address may be used to help recover your
             wallet in case you lose access."
      label="Email"
      name="email"
      placeholder="Your email"
      v-model="email"
      validator="required|email"
    />
     
    <v-checkbox
      v-model="termsAccepted"
    >
      
      I accept the 
      <a
        href="https://endpass.com/terms/"
        target="_blank"
      >
        
        Terms of Service
      
      </a>
      
      and
      
      <a
        href="https://endpass.com/privacy/"
        target="_blank"
      >
        
        Privacy Policy
      
      </a>
      .
    
    </v-checkbox>
  </v-form>
   
  <div
    class="buttons"
  >
    <v-button
      class-name="is-primary is-medium"
      data-test="submit-login"
      form="loginByEmail"
    >
      
      Continue
    
    </v-button>
  </div>
</v-modal>
`;
