// Jest Snapshot v1, https://goo.gl/fbAQLP

exports[`NewAccountModal render should render component 1`] = `
<div
  class="new-account-modal"
>
  <v-modal>
    <template>
      Create New Address
    </template>
     
    <div>
      <p
        class="subtitle"
      >
        You currently have
      
        <strong>
          0
        </strong>
         active addresses in your wallet.
      </p>
       
      <p
        class="subtitle"
      >
        Click the button below to create or import an additional address you can use to receive Ethereum and tokens.
      </p>
    </div>
     
    <div
      class="buttons"
      slot="footer"
    >
      <v-form>
        <v-button
          class-name="is-primary is-medium"
        >
          Create address
        </v-button>
      </v-form>
       
      <v-form
        isformvalid="true"
      >
        <v-button
          class-name="is-primary is-medium"
        >
          Import address
        </v-button>
      </v-form>
    </div>
  </v-modal>
   
  <!---->
</div>
`;
