// Jest Snapshot v1, https://goo.gl/fbAQLP

exports[`PasswordModal render should render component 1`] = `
<div
  class="password-modal"
  data-test="password-modal"
>
  <v-modal>
    <template>
      
      Please enter your wallet password to continue
    
    </template>
     
    <div>
      <p
        class="subtitle"
      >
        Please enter your wallet password to continue.
      </p>
       
      <v-form
        id="password-form"
      >
         
        <v-password
          aria-invalid="true"
          aria-required="true"
          autofocus=""
          data-test="input-password"
          data-vv-as="password"
          data-vv-name="jsonKeystorePassword"
          name="jsonKeystorePassword"
          placeholder="Your Wallet Password"
          required=""
          validator="required"
        />
      </v-form>
    </div>
     
    <div
      class="buttons"
      slot="footer"
    >
      <v-button
        class-name="is-primary is-medium"
        data-test="submit-password"
        disabled="true"
        form="password-form"
      >
        
        Confirm
      
      </v-button>
    </div>
  </v-modal>
</div>
`;
