// Jest Snapshot v1, https://goo.gl/fbAQLP

exports[`TransactionModal render should render initial state of the component 1`] = `
<div
  class="transaction-modal"
  data-test="transaction-modal"
>
  <v-modal>
    <template>
      Are you sure?
    </template>
     
    <div>
      <!---->
    </div>
     
    <div
      class="buttons"
      slot="footer"
    >
      <a
        class="button is-primary"
        data-test="confirm-button"
      >
        
        Confirm
      
      </a>
       
      <a
        class="button"
      >
        
        Cancel
      
      </a>
    </div>
  </v-modal>
</div>
`;
