// Jest Snapshot v1, https://goo.gl/fbAQLP

exports[`CustomProviderModal render url field should render correctly 1`] = `<v-input-stub value="" label="Provider url" classname="" id="url" data-vv-name="url" name="url" aria-describedby="url" placeholder="Provider url" data-vv-as="Provider url" aria-required="true" aria-invalid="false"></v-input-stub>`;
